PS E:\projetos\docker-bigdata> docker ps
CONTAINER ID   IMAGE     COMMAND   CREATED   STATUS    PORTS     NAMES

PS E:\projetos\docker-bigdata> docker-compose up -d
Starting zookeeper ... done
Starting database  ... done
Starting spark        ... done
Starting namenode  ... done
Starting hbase-master              ... done
Starting datanode     ... done
Starting hive-metastore-postgresql ... done
Starting hive_metastore            ... done
Starting hive-server               ... done

PS E:\projetos\docker-bigdata> docker ps
CONTAINER ID   IMAGE                    COMMAND                  CREATED      STATUS                             PORTS                                                                NAMES
67cb4f17e952   fjardim/hive             "entrypoint.sh /bin/…"   4 days ago   Up 26 seconds                      0.0.0.0:10000->10000/tcp, 10002/tcp                                  hive-server
b83cd191f81e   fjardim/hive             "entrypoint.sh /opt/…"   4 days ago   Up 30 seconds                      10000/tcp, 0.0.0.0:9083->9083/tcp, 10002/tcp                         hive_metastore
547ff3bd4208   fjardim/hive-metastore   "/docker-entrypoint.…"   4 days ago   Up 36 seconds                      5432/tcp                                                             hive-metastore-postgresql
66b516d9ac13   fjardim/datanode         "/entrypoint.sh /run…"   4 days ago   Up 43 seconds (health: starting)   0.0.0.0:50075->50075/tcp                                             datanode
38e9a1dfa26b   fjardim/hbase-master     "/entrypoint.sh /run…"   4 days ago   Up 40 seconds                      16000/tcp, 0.0.0.0:16010->16010/tcp                                  hbase-master
e66c5fa361c0   fjardim/zookeeper        "/bin/sh -c '/usr/sb…"   4 days ago   Up 54 seconds                      22/tcp, 2888/tcp, 3888/tcp, 0.0.0.0:2181->2181/tcp                   zookeeper
3f771c4580b8   fjardim/namenode_sqoop   "/entrypoint.sh /run…"   4 days ago   Up 52 seconds (health: starting)   0.0.0.0:50070->50070/tcp                                             namenode
b7e84749ed87   fjardim/mysql            "docker-entrypoint.s…"   4 days ago   Up 54 seconds                      33060/tcp, 0.0.0.0:33061->3306/tcp                                   database
9184af4111aa   fjardim/jupyter-spark    "/opt/docker/bin/ent…"   4 days ago   Up 48 seconds                      0.0.0.0:4040-4043->4040-4043/tcp, 0.0.0.0:8889->8889/tcp, 8899/tcp   spark

PS E:\projetos\docker-bigdata> docker images
REPOSITORY               TAG       IMAGE ID       CREATED         SIZE
fjardim/jupyter-spark    latest    31051dea1e70   6 months ago    5.03GB
fjardim/datanode         latest    24fb187ebd91   11 months ago   874MB
fjardim/namenode_sqoop   latest    40dc59117765   11 months ago   1.54GB
fjardim/mysql            latest    84164b03fa2e   11 months ago   456MB
fjardim/hive-metastore   latest    7ab9e8f93813   11 months ago   275MB
fjardim/hive             latest    87f5c9f4e2df   3 years ago     1.17GB
fjardim/hbase-master     latest    ce0efeff9785   3 years ago     1.1GB
fjardim/zookeeper        latest    6fe5551964f5   5 years ago     451MB

PS E:\projetos\docker-bigdata> docker exec -it hive-server bash
root@hive_server:/opt# beeline --help
Usage: java org.apache.hive.cli.beeline.BeeLine
   -u <database url>               the JDBC URL to connect to
   -r                              reconnect to last saved connect url (in conjunction with !save)
   -n <username>                   the username to connect as
   -p <password>                   the password to connect as
   -d <driver class>               the driver class to use
   -i <init file>                  script file for initialization
   -e <query>                      query that should be executed
   -f <exec file>                  script file that should be executed
   -w (or) --password-file <password file>  the password file to read password from
   --hiveconf property=value       Use value for given property
   --hivevar name=value            hive variable name and value
                                   This is Hive specific settings in which variables
                                   can be set at session level and referenced in Hive
                                   commands or queries.
   --property-file=<property-file> the file to read connection properties (url, driver, user, password) from
   --color=[true/false]            control whether color is used for display
   --showHeader=[true/false]       show column names in query results
   --headerInterval=ROWS;          the interval between which heades are displayed
   --fastConnect=[true/false]      skip building table/column list for tab-completion
   --autoCommit=[true/false]       enable/disable automatic transaction commit
   --verbose=[true/false]          show verbose error messages and debug info
   --showWarnings=[true/false]     display connection warnings
   --showDbInPrompt=[true/false]   display the current database name in the prompt
   --showNestedErrs=[true/false]   display nested errors
   --numberFormat=[pattern]        format numbers using DecimalFormat pattern
   --force=[true/false]            continue running script even after errors
   --maxWidth=MAXWIDTH             the maximum width of the terminal
   --maxColumnWidth=MAXCOLWIDTH    the maximum width to use when displaying columns
   --silent=[true/false]           be more silent
   --autosave=[true/false]         automatically save preferences
   --outputformat=[table/vertical/csv2/tsv2/dsv/csv/tsv]  format mode for result display
                                   Note that csv, and tsv are deprecated - use csv2, tsv2 instead
   --incremental=[true/false]      Defaults to false. When set to false, the entire result set
                                   is fetched and buffered before being displayed, yielding optimal
                                   display column sizing. When set to true, result rows are displayed
                                   immediately as they are fetched, yielding lower latency and
                                   memory usage at the price of extra display column padding.
                                   Setting --incremental=true is recommended if you encounter an OutOfMemory
                                   on the client side (due to the fetched result set size being large).
                                   Only applicable if --outputformat=table.
   --incrementalBufferRows=NUMROWS the number of rows to buffer when printing rows on stdout,
                                   defaults to 1000; only applicable if --incremental=true
                                   and --outputformat=table
   --truncateTable=[true/false]    truncate table column when it exceeds length
   --delimiterForDSV=DELIMITER     specify the delimiter for delimiter-separated values output format (default: |)
   --isolation=LEVEL               set the transaction isolation level
   --nullemptystring=[true/false]  set to true to get historic behavior of printing null as empty string
   --maxHistoryRows=MAXHISTORYROWS The maximum number of rows to store beeline history.
   --help                          display this message

   Example:
    1. Connect using simple authentication to HiveServer2 on localhost:10000
    $ beeline -u jdbc:hive2://localhost:10000 username password

    2. Connect using simple authentication to HiveServer2 on hs.local:10000 using -n for username and -p for password
    $ beeline -n username -p password -u jdbc:hive2://hs2.local:10012

    3. Connect using Kerberos authentication with hive/localhost@mydomain.com as HiveServer2 principal
    $ beeline -u "jdbc:hive2://hs2.local:10013/default;principal=hive/localhost@mydomain.com"

    4. Connect using SSL connection to HiveServer2 on localhost at 10000
    $ beeline "jdbc:hive2://localhost:10000/default;ssl=true;sslTrustStore=/usr/local/truststore;trustStorePassword=mytruststorepassword"

    5. Connect using LDAP authentication
    $ beeline -u jdbc:hive2://hs2.local:10013/default <ldap-username> <ldap-password>

root@hive_server:/opt# beeline -u jdbc:hive2://localhost:10000
SLF4J: Class path contains multiple SLF4J bindings.
SLF4J: Found binding in [jar:file:/opt/hive/lib/log4j-slf4j-impl-2.6.2.jar!/org/slf4j/impl/StaticLoggerBinder.class]
SLF4J: Found binding in [jar:file:/opt/hadoop-2.7.4/share/hadoop/common/lib/slf4j-log4j12-1.7.10.jar!/org/slf4j/impl/StaticLoggerBinder.class]
SLF4J: See http://www.slf4j.org/codes.html#multiple_bindings for an explanation.
SLF4J: Actual binding is of type [org.apache.logging.slf4j.Log4jLoggerFactory]
Connecting to jdbc:hive2://localhost:10000
Connected to: Apache Hive (version 2.3.2)
Driver: Hive JDBC (version 2.3.2)
Transaction isolation: TRANSACTION_REPEATABLE_READ
Beeline version 2.3.2 by Apache Hive

0: jdbc:hive2://localhost:10000> show databases;
+----------------+
| database_name  |
+----------------+
| default        |
| feliciani      |
+----------------+
2 rows selected (3.518 seconds)

0: jdbc:hive2://localhost:10000> use feliciani
. . . . . . . . . . . . . . . .> ;
No rows affected (0.058 seconds)

0: jdbc:hive2://localhost:10000> show tables;
+-----------+
| tab_name  |
+-----------+
+-----------+
No rows selected (0.08 seconds)

0: jdbc:hive2://localhost:10000> create table pop(
. . . . . . . . . . . . . . . .> zip_code int,
. . . . . . . . . . . . . . . .> total_population int,
. . . . . . . . . . . . . . . .> median_age float,
. . . . . . . . . . . . . . . .> total_males int,
. . . . . . . . . . . . . . . .> total_females int,
. . . . . . . . . . . . . . . .> total_household_size int,
. . . . . . . . . . . . . . . .> average_household_size float
. . . . . . . . . . . . . . . .> )
. . . . . . . . . . . . . . . .> row format delimited
. . . . . . . . . . . . . . . .> fields terminated by ','
. . . . . . . . . . . . . . . .> lines terminated by '\n'
. . . . . . . . . . . . . . . .> stored as textfile
. . . . . . . . . . . . . . . .> tblproperties("skip.header.line.count"="1");
No rows affected (6.577 seconds)

0: jdbc:hive2://localhost:10000> show databases;
+----------------+
| database_name  |
+----------------+
| default        |
| feliciani      |
+----------------+
2 rows selected (0.041 seconds)

0: jdbc:hive2://localhost:10000> use feliciani;
No rows affected (0.194 seconds)

0: jdbc:hive2://localhost:10000> desc pop;
+-------------------------+------------+----------+
|        col_name         | data_type  | comment  |
+-------------------------+------------+----------+
| zip_code                | int        |          |
| total_population        | int        |          |
| median_age              | float      |          |
| total_males             | int        |          |
| total_females           | int        |          |
| total_household_size    | int        |          |
| average_household_size  | float      |          |
+-------------------------+------------+----------+
7 rows selected (0.395 seconds)

0: jdbc:hive2://localhost:10000> desc formatted pop;
+-------------------------------+----------------------------------------------------+-----------------------------+
|           col_name            |                     data_type                      |           comment           |
+-------------------------------+----------------------------------------------------+-----------------------------+
| # col_name                    | data_type                                          | comment                     |
|                               | NULL                                               | NULL                        |
| zip_code                      | int                                                |                             |
| total_population              | int                                                |                             |
| median_age                    | float                                              |                             |
| total_males                   | int                                                |                             |
| total_females                 | int                                                |                             |
| total_household_size          | int                                                |                             |
| average_household_size        | float                                              |                             |
|                               | NULL                                               | NULL                        |
| # Detailed Table Information  | NULL                                               | NULL                        |
| Database:                     | feliciani                                          | NULL                        |
| Owner:                        | root                                               | NULL                        |
| CreateTime:                   | Fri Feb 19 17:10:20 UTC 2021                       | NULL                        |
| LastAccessTime:               | UNKNOWN                                            | NULL                        |
| Retention:                    | 0                                                  | NULL                        |
| Location:                     | hdfs://namenode:8020/user/hive/warehouse/feliciani.db/pop | NULL                        |
| Table Type:                   | MANAGED_TABLE                                      | NULL                        |
| Table Parameters:             | NULL                                               | NULL                        |
|                               | COLUMN_STATS_ACCURATE                              | {\"BASIC_STATS\":\"true\"}  |
|                               | numFiles                                           | 0                           |
|                               | numRows                                            | 0                           |
|                               | rawDataSize                                        | 0                           |
|                               | skip.header.line.count                             | 1                           |
|                               | totalSize                                          | 0                           |
|                               | transient_lastDdlTime                              | 1613754620                  |
|                               | NULL                                               | NULL                        |
| # Storage Information         | NULL                                               | NULL                        |
| SerDe Library:                | org.apache.hadoop.hive.serde2.lazy.LazySimpleSerDe | NULL                        |
| InputFormat:                  | org.apache.hadoop.mapred.TextInputFormat           | NULL                        |
| OutputFormat:                 | org.apache.hadoop.hive.ql.io.HiveIgnoreKeyTextOutputFormat | NULL                        |
| Compressed:                   | No                                                 | NULL                        |
| Num Buckets:                  | -1                                                 | NULL                        |
| Bucket Columns:               | []                                                 | NULL                        |
| Sort Columns:                 | []                                                 | NULL                        |
| Storage Desc Params:          | NULL                                               | NULL                        |
|                               | field.delim                                        | ,                           |
|                               | line.delim                                         | \n                          |
|                               | serialization.format                               | ,                           |
+-------------------------------+----------------------------------------------------+-----------------------------+
39 rows selected (0.665 seconds)

0: jdbc:hive2://localhost:10000> show tables;
+-----------+
| tab_name  |
+-----------+
| pop       |
+-----------+
1 row selected (0.055 seconds)


0: jdbc:hive2://localhost:10000> select * from pop limit 10;
+---------------+-----------------------+-----------------+------------------+--------------------+---------------------------+-----------------------------+
| pop.zip_code  | pop.total_population  | pop.median_age  | pop.total_males  | pop.total_females  | pop.total_household_size  | pop.average_household_size  |
+---------------+-----------------------+-----------------+------------------+--------------------+---------------------------+-----------------------------+
+---------------+-----------------------+-----------------+------------------+--------------------+---------------------------+-----------------------------+
No rows selected (0.384 seconds)

0: jdbc:hive2://localhost:10000> load data inpath '/user/aluno/feliciani/data/populacao' overwrite into table pop;
No rows affected (2.765 seconds)

0: jdbc:hive2://localhost:10000> select * from pop limit 10;
+---------------+-----------------------+-----------------+------------------+--------------------+---------------------------+-----------------------------+
| pop.zip_code  | pop.total_population  | pop.median_age  | pop.total_males  | pop.total_females  | pop.total_household_size  | pop.average_household_size  |
+---------------+-----------------------+-----------------+------------------+--------------------+---------------------------+-----------------------------+
| 91371         | 1                     | 73.5            | 0                | 1                  | 1                         | 1.0                         |
| 90001         | 57110                 | 26.6            | 28468            | 28642              | 12971                     | 4.4                         |
| 90002         | 51223                 | 25.5            | 24876            | 26347              | 11731                     | 4.36                        |
| 90003         | 66266                 | 26.3            | 32631            | 33635              | 15642                     | 4.22                        |
| 90004         | 62180                 | 34.8            | 31302            | 30878              | 22547                     | 2.73                        |
| 90005         | 37681                 | 33.9            | 19299            | 18382              | 15044                     | 2.5                         |
| 90006         | 59185                 | 32.4            | 30254            | 28931              | 18617                     | 3.13                        |
| 90007         | 40920                 | 24.0            | 20915            | 20005              | 11944                     | 3.0                         |
| 90008         | 32327                 | 39.7            | 14477            | 17850              | 13841                     | 2.33                        |
| 90010         | 3800                  | 37.8            | 1874             | 1926               | 2014                      | 1.87                        |
+---------------+-----------------------+-----------------+------------------+--------------------+---------------------------+-----------------------------+
10 rows selected (1.161 seconds)

0: jdbc:hive2://localhost:10000> select count(*) from pop;
WARNING: Hive-on-MR is deprecated in Hive 2 and may not be available in the future versions. Consider using a different execution engine (i.e. spark, tez) or using Hive 1.X releases.
+------+
| _c0  |
+------+
| 319  |
+------+
1 row selected (4.549 seconds)

0: jdbc:hive2://localhost:10000> Closing: 0: jdbc:hive2://localhost:10000  ########################################### CTRL + d

root@hive_server:/opt# exit

PS E:\projetos\docker-bigdata> docker-compose stop
Stopping hive-server               ... done
Stopping hive_metastore            ... done
Stopping hive-metastore-postgresql ... done
Stopping datanode                  ... done
Stopping hbase-master              ... done
Stopping zookeeper                 ... done
Stopping namenode                  ... done
Stopping database                  ... done
Stopping spark                     ... done

PS E:\projetos\docker-bigdata> docker ps
CONTAINER ID   IMAGE     COMMAND   CREATED   STATUS    PORTS     NAMES

PS E:\projetos\docker-bigdata>